---
source: tests/integration_tests/mock_tests.rs
assertion_line: 1143
expression: validity_proof
---
{
  "value": {
    "compressedProof": {
      "a": [],
      "b": [],
      "c": []
    },
    "roots": [
      "35jQgsScN7DtyLQL6cMFfmUML23t1AJ9RzNe5wGeXsuq"
    ],
    "rootIndices": [
      2
    ],
    "leafIndices": [
      0
    ],
    "leaves": [
      "12nCKqGG85jHxbTeA8i2Z7D4vnNUUrQ4r5e8dv2o16X"
    ],
    "merkleTrees": [
      "amt1Ayt45jfbdw5YSo7iz6WZxUmnZsQTYXy82hVwyC2"
    ]
  },
  "context": {
    "slot": 0
  }
}
